// Jest Snapshot v1, https://goo.gl/fbAQLP

exports[`minimal usage 1`] = `
Object {
  "Outputs": Object {
    "distributionDomainName": Object {
      "Value": Object {
        "Fn::GetAtt": Array [
          "CloudFrontWebDistributionCFDistribution9F34B88B",
          "DomainName",
        ],
      },
    },
  },
  "Parameters": Object {
    "AssetParameters4cd61014b71160e8c66fe167e43710d5ba068b80b134e9bd84508cf9238b2392ArtifactHashE56CD69A": Object {
      "Description": "Artifact hash for asset \\"4cd61014b71160e8c66fe167e43710d5ba068b80b134e9bd84508cf9238b2392\\"",
      "Type": "String",
    },
    "AssetParameters4cd61014b71160e8c66fe167e43710d5ba068b80b134e9bd84508cf9238b2392S3BucketBF7A7F3F": Object {
      "Description": "S3 bucket for asset \\"4cd61014b71160e8c66fe167e43710d5ba068b80b134e9bd84508cf9238b2392\\"",
      "Type": "String",
    },
    "AssetParameters4cd61014b71160e8c66fe167e43710d5ba068b80b134e9bd84508cf9238b2392S3VersionKeyFAF93626": Object {
      "Description": "S3 key for asset version \\"4cd61014b71160e8c66fe167e43710d5ba068b80b134e9bd84508cf9238b2392\\"",
      "Type": "String",
    },
    "AssetParameters5a637eb27ac7421cebf2d831cbbcaef3be4d7dd6dd7dd7b60ca347b8c3029c1eArtifactHashB458C652": Object {
      "Description": "Artifact hash for asset \\"5a637eb27ac7421cebf2d831cbbcaef3be4d7dd6dd7dd7b60ca347b8c3029c1e\\"",
      "Type": "String",
    },
    "AssetParameters5a637eb27ac7421cebf2d831cbbcaef3be4d7dd6dd7dd7b60ca347b8c3029c1eS3BucketEFE1BA96": Object {
      "Description": "S3 bucket for asset \\"5a637eb27ac7421cebf2d831cbbcaef3be4d7dd6dd7dd7b60ca347b8c3029c1e\\"",
      "Type": "String",
    },
    "AssetParameters5a637eb27ac7421cebf2d831cbbcaef3be4d7dd6dd7dd7b60ca347b8c3029c1eS3VersionKey8B588C05": Object {
      "Description": "S3 key for asset version \\"5a637eb27ac7421cebf2d831cbbcaef3be4d7dd6dd7dd7b60ca347b8c3029c1e\\"",
      "Type": "String",
    },
    "AssetParameters7712f70da12b3fcc42b70f2ca210f986d513464fd272d4b535775c3243221b18ArtifactHashE3AC15A9": Object {
      "Description": "Artifact hash for asset \\"7712f70da12b3fcc42b70f2ca210f986d513464fd272d4b535775c3243221b18\\"",
      "Type": "String",
    },
    "AssetParameters7712f70da12b3fcc42b70f2ca210f986d513464fd272d4b535775c3243221b18S3BucketCF05BB68": Object {
      "Description": "S3 bucket for asset \\"7712f70da12b3fcc42b70f2ca210f986d513464fd272d4b535775c3243221b18\\"",
      "Type": "String",
    },
    "AssetParameters7712f70da12b3fcc42b70f2ca210f986d513464fd272d4b535775c3243221b18S3VersionKeyB920C1E2": Object {
      "Description": "S3 key for asset version \\"7712f70da12b3fcc42b70f2ca210f986d513464fd272d4b535775c3243221b18\\"",
      "Type": "String",
    },
    "AssetParametersc24b999656e4fe6c609c31bae56a1cf4717a405619c3aa6ba1bc686b8c2c86cfArtifactHash85F58E48": Object {
      "Description": "Artifact hash for asset \\"c24b999656e4fe6c609c31bae56a1cf4717a405619c3aa6ba1bc686b8c2c86cf\\"",
      "Type": "String",
    },
    "AssetParametersc24b999656e4fe6c609c31bae56a1cf4717a405619c3aa6ba1bc686b8c2c86cfS3Bucket55EFA30C": Object {
      "Description": "S3 bucket for asset \\"c24b999656e4fe6c609c31bae56a1cf4717a405619c3aa6ba1bc686b8c2c86cf\\"",
      "Type": "String",
    },
    "AssetParametersc24b999656e4fe6c609c31bae56a1cf4717a405619c3aa6ba1bc686b8c2c86cfS3VersionKey60329B70": Object {
      "Description": "S3 key for asset version \\"c24b999656e4fe6c609c31bae56a1cf4717a405619c3aa6ba1bc686b8c2c86cf\\"",
      "Type": "String",
    },
    "AssetParameterse9882ab123687399f934da0d45effe675ecc8ce13b40cb946f3e1d6141fe8d68ArtifactHashD9A515C3": Object {
      "Description": "Artifact hash for asset \\"e9882ab123687399f934da0d45effe675ecc8ce13b40cb946f3e1d6141fe8d68\\"",
      "Type": "String",
    },
    "AssetParameterse9882ab123687399f934da0d45effe675ecc8ce13b40cb946f3e1d6141fe8d68S3BucketAEADE8C7": Object {
      "Description": "S3 bucket for asset \\"e9882ab123687399f934da0d45effe675ecc8ce13b40cb946f3e1d6141fe8d68\\"",
      "Type": "String",
    },
    "AssetParameterse9882ab123687399f934da0d45effe675ecc8ce13b40cb946f3e1d6141fe8d68S3VersionKeyE415415F": Object {
      "Description": "S3 key for asset version \\"e9882ab123687399f934da0d45effe675ecc8ce13b40cb946f3e1d6141fe8d68\\"",
      "Type": "String",
    },
    "AssetParameterseb9f4cf1ca403fe9136d91bcfad8a675e64183af4964f8d9453be9047b3129d0ArtifactHashF071E397": Object {
      "Description": "Artifact hash for asset \\"eb9f4cf1ca403fe9136d91bcfad8a675e64183af4964f8d9453be9047b3129d0\\"",
      "Type": "String",
    },
    "AssetParameterseb9f4cf1ca403fe9136d91bcfad8a675e64183af4964f8d9453be9047b3129d0S3Bucket4CD55150": Object {
      "Description": "S3 bucket for asset \\"eb9f4cf1ca403fe9136d91bcfad8a675e64183af4964f8d9453be9047b3129d0\\"",
      "Type": "String",
    },
    "AssetParameterseb9f4cf1ca403fe9136d91bcfad8a675e64183af4964f8d9453be9047b3129d0S3VersionKey248E18F6": Object {
      "Description": "S3 key for asset version \\"eb9f4cf1ca403fe9136d91bcfad8a675e64183af4964f8d9453be9047b3129d0\\"",
      "Type": "String",
    },
  },
  "Resources": Object {
    "CloudFrontWebDistributionCFDistribution9F34B88B": Object {
      "Properties": Object {
        "DistributionConfig": Object {
          "DefaultCacheBehavior": Object {
            "AllowedMethods": Array [
              "GET",
              "HEAD",
            ],
            "CachedMethods": Array [
              "GET",
              "HEAD",
            ],
            "Compress": true,
            "ForwardedValues": Object {
              "Cookies": Object {
                "Forward": "none",
              },
              "QueryString": false,
            },
            "LambdaFunctionAssociations": Array [
              Object {
                "EventType": "origin-request",
                "LambdaFunctionARN": Object {
                  "Ref": "DefaultDirIndexFuncCurrentVersion61C934369a8c96547b89ebb29f0b9212fc0ea623",
                },
              },
            ],
            "TargetOriginId": "origin1",
            "ViewerProtocolPolicy": "redirect-to-https",
          },
          "DefaultRootObject": "index.html",
          "Enabled": true,
          "HttpVersion": "http2",
          "IPV6Enabled": false,
          "Origins": Array [
            Object {
              "ConnectionAttempts": 3,
              "ConnectionTimeout": 10,
              "DomainName": Object {
                "Fn::GetAtt": Array [
                  "DefaultDirIndexDemoNestedStackDefaultDirIndexDemoNestedStackResource55AA5BD2",
                  "Outputs.demostackDefaultDirIndexDemodemoBucket154941C9RegionalDomainName",
                ],
              },
              "Id": "origin1",
              "S3OriginConfig": Object {
                "OriginAccessIdentity": Object {
                  "Fn::Join": Array [
                    "",
                    Array [
                      "origin-access-identity/cloudfront/",
                      Object {
                        "Fn::GetAtt": Array [
                          "DefaultDirIndexDemoNestedStackDefaultDirIndexDemoNestedStackResource55AA5BD2",
                          "Outputs.demostackDefaultDirIndexDemoOriginAccessIdentityD600ECC8Ref",
                        ],
                      },
                    ],
                  ],
                },
              },
            },
          ],
          "PriceClass": "PriceClass_100",
          "ViewerCertificate": Object {
            "CloudFrontDefaultCertificate": true,
          },
        },
      },
      "Type": "AWS::CloudFront::Distribution",
    },
    "DefaultDirIndexDemoNestedStackDefaultDirIndexDemoNestedStackResource55AA5BD2": Object {
      "DeletionPolicy": "Delete",
      "Properties": Object {
        "Parameters": Object {
          "referencetodemostackAssetParameters4cd61014b71160e8c66fe167e43710d5ba068b80b134e9bd84508cf9238b2392S3BucketBF1D8B9CRef": Object {
            "Ref": "AssetParameters4cd61014b71160e8c66fe167e43710d5ba068b80b134e9bd84508cf9238b2392S3BucketBF7A7F3F",
          },
          "referencetodemostackAssetParameters4cd61014b71160e8c66fe167e43710d5ba068b80b134e9bd84508cf9238b2392S3VersionKey87066E2FRef": Object {
            "Ref": "AssetParameters4cd61014b71160e8c66fe167e43710d5ba068b80b134e9bd84508cf9238b2392S3VersionKeyFAF93626",
          },
          "referencetodemostackAssetParametersc24b999656e4fe6c609c31bae56a1cf4717a405619c3aa6ba1bc686b8c2c86cfS3Bucket24CC697DRef": Object {
            "Ref": "AssetParametersc24b999656e4fe6c609c31bae56a1cf4717a405619c3aa6ba1bc686b8c2c86cfS3Bucket55EFA30C",
          },
          "referencetodemostackAssetParametersc24b999656e4fe6c609c31bae56a1cf4717a405619c3aa6ba1bc686b8c2c86cfS3VersionKey7519508FRef": Object {
            "Ref": "AssetParametersc24b999656e4fe6c609c31bae56a1cf4717a405619c3aa6ba1bc686b8c2c86cfS3VersionKey60329B70",
          },
          "referencetodemostackAssetParameterse9882ab123687399f934da0d45effe675ecc8ce13b40cb946f3e1d6141fe8d68S3Bucket05F403B0Ref": Object {
            "Ref": "AssetParameterse9882ab123687399f934da0d45effe675ecc8ce13b40cb946f3e1d6141fe8d68S3BucketAEADE8C7",
          },
          "referencetodemostackAssetParameterse9882ab123687399f934da0d45effe675ecc8ce13b40cb946f3e1d6141fe8d68S3VersionKey95DC3028Ref": Object {
            "Ref": "AssetParameterse9882ab123687399f934da0d45effe675ecc8ce13b40cb946f3e1d6141fe8d68S3VersionKeyE415415F",
          },
          "referencetodemostackAssetParameterseb9f4cf1ca403fe9136d91bcfad8a675e64183af4964f8d9453be9047b3129d0S3BucketCA7C51F5Ref": Object {
            "Ref": "AssetParameterseb9f4cf1ca403fe9136d91bcfad8a675e64183af4964f8d9453be9047b3129d0S3Bucket4CD55150",
          },
          "referencetodemostackAssetParameterseb9f4cf1ca403fe9136d91bcfad8a675e64183af4964f8d9453be9047b3129d0S3VersionKey33463DA9Ref": Object {
            "Ref": "AssetParameterseb9f4cf1ca403fe9136d91bcfad8a675e64183af4964f8d9453be9047b3129d0S3VersionKey248E18F6",
          },
        },
        "TemplateURL": Object {
          "Fn::Join": Array [
            "",
            Array [
              "https://s3.",
              Object {
                "Ref": "AWS::Region",
              },
              ".",
              Object {
                "Ref": "AWS::URLSuffix",
              },
              "/",
              Object {
                "Ref": "AssetParameters7712f70da12b3fcc42b70f2ca210f986d513464fd272d4b535775c3243221b18S3BucketCF05BB68",
              },
              "/",
              Object {
                "Fn::Select": Array [
                  0,
                  Object {
                    "Fn::Split": Array [
                      "||",
                      Object {
                        "Ref": "AssetParameters7712f70da12b3fcc42b70f2ca210f986d513464fd272d4b535775c3243221b18S3VersionKeyB920C1E2",
                      },
                    ],
                  },
                ],
              },
              Object {
                "Fn::Select": Array [
                  1,
                  Object {
                    "Fn::Split": Array [
                      "||",
                      Object {
                        "Ref": "AssetParameters7712f70da12b3fcc42b70f2ca210f986d513464fd272d4b535775c3243221b18S3VersionKeyB920C1E2",
                      },
                    ],
                  },
                ],
              },
            ],
          ],
        },
      },
      "Type": "AWS::CloudFormation::Stack",
      "UpdateReplacePolicy": "Delete",
    },
    "DefaultDirIndexFuncCurrentVersion61C934369a8c96547b89ebb29f0b9212fc0ea623": Object {
      "Properties": Object {
        "FunctionName": Object {
          "Ref": "DefaultDirIndexFuncE3589D1E",
        },
      },
      "Type": "AWS::Lambda::Version",
    },
    "DefaultDirIndexFuncE3589D1E": Object {
      "DependsOn": Array [
        "DefaultDirIndexFuncServiceRole6AB4262B",
      ],
      "Properties": Object {
        "Code": Object {
          "S3Bucket": Object {
            "Ref": "AssetParameters5a637eb27ac7421cebf2d831cbbcaef3be4d7dd6dd7dd7b60ca347b8c3029c1eS3BucketEFE1BA96",
          },
          "S3Key": Object {
            "Fn::Join": Array [
              "",
              Array [
                Object {
                  "Fn::Select": Array [
                    0,
                    Object {
                      "Fn::Split": Array [
                        "||",
                        Object {
                          "Ref": "AssetParameters5a637eb27ac7421cebf2d831cbbcaef3be4d7dd6dd7dd7b60ca347b8c3029c1eS3VersionKey8B588C05",
                        },
                      ],
                    },
                  ],
                },
                Object {
                  "Fn::Select": Array [
                    1,
                    Object {
                      "Fn::Split": Array [
                        "||",
                        Object {
                          "Ref": "AssetParameters5a637eb27ac7421cebf2d831cbbcaef3be4d7dd6dd7dd7b60ca347b8c3029c1eS3VersionKey8B588C05",
                        },
                      ],
                    },
                  ],
                },
              ],
            ],
          },
        },
        "Handler": "index.handler",
        "Role": Object {
          "Fn::GetAtt": Array [
            "DefaultDirIndexFuncServiceRole6AB4262B",
            "Arn",
          ],
        },
        "Runtime": "nodejs12.x",
      },
      "Type": "AWS::Lambda::Function",
    },
    "DefaultDirIndexFuncServiceRole6AB4262B": Object {
      "Properties": Object {
        "AssumeRolePolicyDocument": Object {
          "Statement": Array [
            Object {
              "Action": "sts:AssumeRole",
              "Effect": "Allow",
              "Principal": Object {
                "Service": "lambda.amazonaws.com",
              },
            },
            Object {
              "Action": "sts:AssumeRole",
              "Effect": "Allow",
              "Principal": Object {
                "Service": "edgelambda.amazonaws.com",
              },
            },
          ],
          "Version": "2012-10-17",
        },
        "ManagedPolicyArns": Array [
          Object {
            "Fn::Join": Array [
              "",
              Array [
                "arn:",
                Object {
                  "Ref": "AWS::Partition",
                },
                ":iam::aws:policy/service-role/AWSLambdaBasicExecutionRole",
              ],
            ],
          },
        ],
      },
      "Type": "AWS::IAM::Role",
    },
  },
}
`;
