// Jest Snapshot v1, https://goo.gl/fbAQLP

exports[`minimal usage 1`] = `
Object {
  "Outputs": Object {
    "distributionDomainName": Object {
      "Value": Object {
        "Fn::GetAtt": Array [
          "distributionCFDistribution99A57736",
          "DomainName",
        ],
      },
    },
  },
  "Parameters": Object {
    "AssetParameters4cd61014b71160e8c66fe167e43710d5ba068b80b134e9bd84508cf9238b2392ArtifactHashE56CD69A": Object {
      "Description": "Artifact hash for asset \\"4cd61014b71160e8c66fe167e43710d5ba068b80b134e9bd84508cf9238b2392\\"",
      "Type": "String",
    },
    "AssetParameters4cd61014b71160e8c66fe167e43710d5ba068b80b134e9bd84508cf9238b2392S3BucketBF7A7F3F": Object {
      "Description": "S3 bucket for asset \\"4cd61014b71160e8c66fe167e43710d5ba068b80b134e9bd84508cf9238b2392\\"",
      "Type": "String",
    },
    "AssetParameters4cd61014b71160e8c66fe167e43710d5ba068b80b134e9bd84508cf9238b2392S3VersionKeyFAF93626": Object {
      "Description": "S3 key for asset version \\"4cd61014b71160e8c66fe167e43710d5ba068b80b134e9bd84508cf9238b2392\\"",
      "Type": "String",
    },
    "AssetParametersaf79bd34164d6684ce3e2c410e1f3f718a1075aadd1c1378c358a04d71616c5cArtifactHash891A53FC": Object {
      "Description": "Artifact hash for asset \\"af79bd34164d6684ce3e2c410e1f3f718a1075aadd1c1378c358a04d71616c5c\\"",
      "Type": "String",
    },
    "AssetParametersaf79bd34164d6684ce3e2c410e1f3f718a1075aadd1c1378c358a04d71616c5cS3BucketE9679135": Object {
      "Description": "S3 bucket for asset \\"af79bd34164d6684ce3e2c410e1f3f718a1075aadd1c1378c358a04d71616c5c\\"",
      "Type": "String",
    },
    "AssetParametersaf79bd34164d6684ce3e2c410e1f3f718a1075aadd1c1378c358a04d71616c5cS3VersionKey9B5B75E0": Object {
      "Description": "S3 key for asset version \\"af79bd34164d6684ce3e2c410e1f3f718a1075aadd1c1378c358a04d71616c5c\\"",
      "Type": "String",
    },
    "AssetParametersb50859776d35cd33d4ae063d983b9275240a2f0473a9b8ff9c4435d91305a2b8ArtifactHashCCD60892": Object {
      "Description": "Artifact hash for asset \\"b50859776d35cd33d4ae063d983b9275240a2f0473a9b8ff9c4435d91305a2b8\\"",
      "Type": "String",
    },
    "AssetParametersb50859776d35cd33d4ae063d983b9275240a2f0473a9b8ff9c4435d91305a2b8S3Bucket8A150BED": Object {
      "Description": "S3 bucket for asset \\"b50859776d35cd33d4ae063d983b9275240a2f0473a9b8ff9c4435d91305a2b8\\"",
      "Type": "String",
    },
    "AssetParametersb50859776d35cd33d4ae063d983b9275240a2f0473a9b8ff9c4435d91305a2b8S3VersionKeyD234914C": Object {
      "Description": "S3 key for asset version \\"b50859776d35cd33d4ae063d983b9275240a2f0473a9b8ff9c4435d91305a2b8\\"",
      "Type": "String",
    },
    "AssetParametersbab8a5f62891d44ba264b76859c40648f65073f95bcff956133e353a33243830ArtifactHash495BF67B": Object {
      "Description": "Artifact hash for asset \\"bab8a5f62891d44ba264b76859c40648f65073f95bcff956133e353a33243830\\"",
      "Type": "String",
    },
    "AssetParametersbab8a5f62891d44ba264b76859c40648f65073f95bcff956133e353a33243830S3Bucket686720CC": Object {
      "Description": "S3 bucket for asset \\"bab8a5f62891d44ba264b76859c40648f65073f95bcff956133e353a33243830\\"",
      "Type": "String",
    },
    "AssetParametersbab8a5f62891d44ba264b76859c40648f65073f95bcff956133e353a33243830S3VersionKey3A942354": Object {
      "Description": "S3 key for asset version \\"bab8a5f62891d44ba264b76859c40648f65073f95bcff956133e353a33243830\\"",
      "Type": "String",
    },
    "AssetParametersc24b999656e4fe6c609c31bae56a1cf4717a405619c3aa6ba1bc686b8c2c86cfArtifactHash85F58E48": Object {
      "Description": "Artifact hash for asset \\"c24b999656e4fe6c609c31bae56a1cf4717a405619c3aa6ba1bc686b8c2c86cf\\"",
      "Type": "String",
    },
    "AssetParametersc24b999656e4fe6c609c31bae56a1cf4717a405619c3aa6ba1bc686b8c2c86cfS3Bucket55EFA30C": Object {
      "Description": "S3 bucket for asset \\"c24b999656e4fe6c609c31bae56a1cf4717a405619c3aa6ba1bc686b8c2c86cf\\"",
      "Type": "String",
    },
    "AssetParametersc24b999656e4fe6c609c31bae56a1cf4717a405619c3aa6ba1bc686b8c2c86cfS3VersionKey60329B70": Object {
      "Description": "S3 key for asset version \\"c24b999656e4fe6c609c31bae56a1cf4717a405619c3aa6ba1bc686b8c2c86cf\\"",
      "Type": "String",
    },
    "AssetParameterse9882ab123687399f934da0d45effe675ecc8ce13b40cb946f3e1d6141fe8d68ArtifactHashD9A515C3": Object {
      "Description": "Artifact hash for asset \\"e9882ab123687399f934da0d45effe675ecc8ce13b40cb946f3e1d6141fe8d68\\"",
      "Type": "String",
    },
    "AssetParameterse9882ab123687399f934da0d45effe675ecc8ce13b40cb946f3e1d6141fe8d68S3BucketAEADE8C7": Object {
      "Description": "S3 bucket for asset \\"e9882ab123687399f934da0d45effe675ecc8ce13b40cb946f3e1d6141fe8d68\\"",
      "Type": "String",
    },
    "AssetParameterse9882ab123687399f934da0d45effe675ecc8ce13b40cb946f3e1d6141fe8d68S3VersionKeyE415415F": Object {
      "Description": "S3 key for asset version \\"e9882ab123687399f934da0d45effe675ecc8ce13b40cb946f3e1d6141fe8d68\\"",
      "Type": "String",
    },
  },
  "Resources": Object {
    "CustomErrorPageFuncCA5B64E8": Object {
      "DependsOn": Array [
        "CustomErrorPageFuncServiceRole2995DCAA",
      ],
      "Properties": Object {
        "Code": Object {
          "S3Bucket": Object {
            "Ref": "AssetParametersb50859776d35cd33d4ae063d983b9275240a2f0473a9b8ff9c4435d91305a2b8S3Bucket8A150BED",
          },
          "S3Key": Object {
            "Fn::Join": Array [
              "",
              Array [
                Object {
                  "Fn::Select": Array [
                    0,
                    Object {
                      "Fn::Split": Array [
                        "||",
                        Object {
                          "Ref": "AssetParametersb50859776d35cd33d4ae063d983b9275240a2f0473a9b8ff9c4435d91305a2b8S3VersionKeyD234914C",
                        },
                      ],
                    },
                  ],
                },
                Object {
                  "Fn::Select": Array [
                    1,
                    Object {
                      "Fn::Split": Array [
                        "||",
                        Object {
                          "Ref": "AssetParametersb50859776d35cd33d4ae063d983b9275240a2f0473a9b8ff9c4435d91305a2b8S3VersionKeyD234914C",
                        },
                      ],
                    },
                  ],
                },
              ],
            ],
          },
        },
        "Handler": "index.handler",
        "Role": Object {
          "Fn::GetAtt": Array [
            "CustomErrorPageFuncServiceRole2995DCAA",
            "Arn",
          ],
        },
        "Runtime": "nodejs12.x",
      },
      "Type": "AWS::Lambda::Function",
    },
    "CustomErrorPageFuncCurrentVersion76C88CF0aa1497515b8bcb8e08c885234586a359": Object {
      "Properties": Object {
        "FunctionName": Object {
          "Ref": "CustomErrorPageFuncCA5B64E8",
        },
      },
      "Type": "AWS::Lambda::Version",
    },
    "CustomErrorPageFuncServiceRole2995DCAA": Object {
      "Properties": Object {
        "AssumeRolePolicyDocument": Object {
          "Statement": Array [
            Object {
              "Action": "sts:AssumeRole",
              "Effect": "Allow",
              "Principal": Object {
                "Service": "lambda.amazonaws.com",
              },
            },
            Object {
              "Action": "sts:AssumeRole",
              "Effect": "Allow",
              "Principal": Object {
                "Service": "edgelambda.amazonaws.com",
              },
            },
          ],
          "Version": "2012-10-17",
        },
        "ManagedPolicyArns": Array [
          Object {
            "Fn::Join": Array [
              "",
              Array [
                "arn:",
                Object {
                  "Ref": "AWS::Partition",
                },
                ":iam::aws:policy/service-role/AWSLambdaBasicExecutionRole",
              ],
            ],
          },
        ],
      },
      "Type": "AWS::IAM::Role",
    },
    "CustomErrorPageNestedStackCustomErrorPageNestedStackResource5229F8E2": Object {
      "DeletionPolicy": "Delete",
      "Properties": Object {
        "Parameters": Object {
          "referencetodemostackAssetParameters4cd61014b71160e8c66fe167e43710d5ba068b80b134e9bd84508cf9238b2392S3BucketBF1D8B9CRef": Object {
            "Ref": "AssetParameters4cd61014b71160e8c66fe167e43710d5ba068b80b134e9bd84508cf9238b2392S3BucketBF7A7F3F",
          },
          "referencetodemostackAssetParameters4cd61014b71160e8c66fe167e43710d5ba068b80b134e9bd84508cf9238b2392S3VersionKey87066E2FRef": Object {
            "Ref": "AssetParameters4cd61014b71160e8c66fe167e43710d5ba068b80b134e9bd84508cf9238b2392S3VersionKeyFAF93626",
          },
          "referencetodemostackAssetParametersbab8a5f62891d44ba264b76859c40648f65073f95bcff956133e353a33243830S3Bucket844F4E87Ref": Object {
            "Ref": "AssetParametersbab8a5f62891d44ba264b76859c40648f65073f95bcff956133e353a33243830S3Bucket686720CC",
          },
          "referencetodemostackAssetParametersbab8a5f62891d44ba264b76859c40648f65073f95bcff956133e353a33243830S3VersionKey5D7CB582Ref": Object {
            "Ref": "AssetParametersbab8a5f62891d44ba264b76859c40648f65073f95bcff956133e353a33243830S3VersionKey3A942354",
          },
          "referencetodemostackAssetParametersc24b999656e4fe6c609c31bae56a1cf4717a405619c3aa6ba1bc686b8c2c86cfS3Bucket24CC697DRef": Object {
            "Ref": "AssetParametersc24b999656e4fe6c609c31bae56a1cf4717a405619c3aa6ba1bc686b8c2c86cfS3Bucket55EFA30C",
          },
          "referencetodemostackAssetParametersc24b999656e4fe6c609c31bae56a1cf4717a405619c3aa6ba1bc686b8c2c86cfS3VersionKey7519508FRef": Object {
            "Ref": "AssetParametersc24b999656e4fe6c609c31bae56a1cf4717a405619c3aa6ba1bc686b8c2c86cfS3VersionKey60329B70",
          },
          "referencetodemostackAssetParameterse9882ab123687399f934da0d45effe675ecc8ce13b40cb946f3e1d6141fe8d68S3Bucket05F403B0Ref": Object {
            "Ref": "AssetParameterse9882ab123687399f934da0d45effe675ecc8ce13b40cb946f3e1d6141fe8d68S3BucketAEADE8C7",
          },
          "referencetodemostackAssetParameterse9882ab123687399f934da0d45effe675ecc8ce13b40cb946f3e1d6141fe8d68S3VersionKey95DC3028Ref": Object {
            "Ref": "AssetParameterse9882ab123687399f934da0d45effe675ecc8ce13b40cb946f3e1d6141fe8d68S3VersionKeyE415415F",
          },
        },
        "TemplateURL": Object {
          "Fn::Join": Array [
            "",
            Array [
              "https://s3.",
              Object {
                "Ref": "AWS::Region",
              },
              ".",
              Object {
                "Ref": "AWS::URLSuffix",
              },
              "/",
              Object {
                "Ref": "AssetParametersaf79bd34164d6684ce3e2c410e1f3f718a1075aadd1c1378c358a04d71616c5cS3BucketE9679135",
              },
              "/",
              Object {
                "Fn::Select": Array [
                  0,
                  Object {
                    "Fn::Split": Array [
                      "||",
                      Object {
                        "Ref": "AssetParametersaf79bd34164d6684ce3e2c410e1f3f718a1075aadd1c1378c358a04d71616c5cS3VersionKey9B5B75E0",
                      },
                    ],
                  },
                ],
              },
              Object {
                "Fn::Select": Array [
                  1,
                  Object {
                    "Fn::Split": Array [
                      "||",
                      Object {
                        "Ref": "AssetParametersaf79bd34164d6684ce3e2c410e1f3f718a1075aadd1c1378c358a04d71616c5cS3VersionKey9B5B75E0",
                      },
                    ],
                  },
                ],
              },
            ],
          ],
        },
      },
      "Type": "AWS::CloudFormation::Stack",
      "UpdateReplacePolicy": "Delete",
    },
    "distributionCFDistribution99A57736": Object {
      "Properties": Object {
        "DistributionConfig": Object {
          "DefaultCacheBehavior": Object {
            "AllowedMethods": Array [
              "GET",
              "HEAD",
            ],
            "CachedMethods": Array [
              "GET",
              "HEAD",
            ],
            "Compress": true,
            "DefaultTTL": 10,
            "ForwardedValues": Object {
              "Cookies": Object {
                "Forward": "none",
              },
              "QueryString": false,
            },
            "LambdaFunctionAssociations": Array [
              Object {
                "EventType": "origin-response",
                "IncludeBody": false,
                "LambdaFunctionARN": Object {
                  "Ref": "CustomErrorPageFuncCurrentVersion76C88CF0aa1497515b8bcb8e08c885234586a359",
                },
              },
            ],
            "TargetOriginId": "origin1",
            "ViewerProtocolPolicy": "redirect-to-https",
          },
          "DefaultRootObject": "index.html",
          "Enabled": true,
          "HttpVersion": "http2",
          "IPV6Enabled": true,
          "Origins": Array [
            Object {
              "ConnectionAttempts": 3,
              "ConnectionTimeout": 10,
              "DomainName": Object {
                "Fn::GetAtt": Array [
                  "CustomErrorPageNestedStackCustomErrorPageNestedStackResource5229F8E2",
                  "Outputs.demostackCustomErrorPagedemoBucketE1FE2EC9RegionalDomainName",
                ],
              },
              "Id": "origin1",
              "S3OriginConfig": Object {
                "OriginAccessIdentity": Object {
                  "Fn::Join": Array [
                    "",
                    Array [
                      "origin-access-identity/cloudfront/",
                      Object {
                        "Fn::GetAtt": Array [
                          "CustomErrorPageNestedStackCustomErrorPageNestedStackResource5229F8E2",
                          "Outputs.demostackCustomErrorPageOriginAccessIdentityDA9AFBCARef",
                        ],
                      },
                    ],
                  ],
                },
              },
            },
          ],
          "PriceClass": "PriceClass_100",
          "ViewerCertificate": Object {
            "CloudFrontDefaultCertificate": true,
          },
        },
      },
      "Type": "AWS::CloudFront::Distribution",
    },
  },
}
`;
